<html>
<body>
<pre>
<h1>µVision Build Log</h1>
<h2>Tool Versions:</h2>
IDE-Version: ¦ÌVision V5.25.2.0
Copyright (C) 2018 ARM Ltd and ARM Germany GmbH. All rights reserved.
License Information: Liang Chiro, None, LIC=QF856-DWC80-IIR5V-PZ5TX-MR37R-U1XXR
 
Tool Versions:
Toolchain:       MDK-ARM Plus  Version: 5.25.2.0
Toolchain Path:  D:\Software\Keil_v5\ARM\ARMCC\Bin
C Compiler:      Armcc.exe V5.06 update 6 (build 750)
Assembler:       Armasm.exe V5.06 update 6 (build 750)
Linker/Locator:  ArmLink.exe V5.06 update 6 (build 750)
Library Manager: ArmAr.exe V5.06 update 6 (build 750)
Hex Converter:   FromElf.exe V5.06 update 6 (build 750)
CPU DLL:         SARMCM3.DLL V5.25.2.0
Dialog DLL:      DCM.DLL V1.17.1.0
Target DLL:      Segger\JL2CM3.dll V2.99.29.0
Dialog DLL:      TCM.DLL V1.35.1.0
 
<h2>Project:</h2>
D:\Programs\lan-amplitude-frequency-tester\stm32\ad_new\cvbs.uvprojx
Project File Date:  05/16/2021

<h2>Output:</h2>
*** Using Compiler 'V5.06 update 6 (build 750)', folder: 'D:\Software\Keil_v5\ARM\ARMCC\Bin'
Build target 'Target 1'
compiling main.c...
main.c(227): warning:  #177-D: variable "f"  was declared but never referenced
    u32 f = 0;
main.c(228): warning:  #177-D: variable "target"  was declared but never referenced
    u32 target = (u32)((double)0.10 / 0.49 * 0x3FFF);  // 10m
main.c: 2 warnings, 0 errors
linking...
Program Size: Code=5116 RO-data=268 RW-data=728 ZI-data=1632  
".\Objects\cvbs.axf" - 0 Error(s), 2 Warning(s).

<h2>Software Packages used:</h2>

Package Vendor: ARM
                http://www.keil.com/pack/ARM.CMSIS.5.3.0.pack
                ARM.CMSIS.5.3.0
                CMSIS (Cortex Microcontroller Software Interface Standard)
   * Component: CORE Version: 5.1.1

Package Vendor: Keil
                http://www.keil.com/pack/Keil.STM32F1xx_DFP.2.3.0.pack
                Keil.STM32F1xx_DFP.2.3.0
                STMicroelectronics STM32F1 Series Device Support, Drivers and Examples
   * Component: GPIO Version: 1.3
   * Component: Startup Version: 1.0.0
   * Component: DAC Version: 3.5.0
   * Component: Framework Version: 3.5.1
   * Component: GPIO Version: 3.5.0
   * Component: RCC Version: 3.5.0
   * Component: TIM Version: 3.5.0
   * Component: USART Version: 3.5.0

<h2>Collection of Component include folders:</h2>
  .\RTE\Device\STM32F103C8
  .\RTE\_Target_1
  D:\Software\Keil_v5\ARM\PACK\ARM\CMSIS\5.3.0\CMSIS\Include
  D:\Software\Keil_v5\ARM\PACK\Keil\STM32F1xx_DFP\2.3.0\Device\Include
  D:\Software\Keil_v5\ARM\PACK\Keil\STM32F1xx_DFP\2.3.0\Device\StdPeriph_Driver\inc
  D:\Software\Keil_v5\ARM\PACK\Keil\STM32F1xx_DFP\2.3.0\RTE_Driver

<h2>Collection of Component Files used:</h2>

   * Component: ARM::CMSIS:CORE:5.1.1

   * Component: Keil::Device:GPIO:1.3
      Include file:  RTE_Driver\GPIO_STM32F10x.h
      Source file:   RTE_Driver\GPIO_STM32F10x.c

   * Component: Keil::Device:Startup:1.0.0
      Source file:   Device\Source\ARM\startup_stm32f10x_md.s
      Include file:  RTE_Driver\Config\RTE_Device.h
      Source file:   Device\Source\ARM\STM32F1xx_OPT.s
      Source file:   Device\Source\system_stm32f10x.c

   * Component: Keil::Device:StdPeriph Drivers:DAC:3.5.0
      Include file:  Device\StdPeriph_Driver\inc\stm32f10x_dac.h
      Source file:   Device\StdPeriph_Driver\src\stm32f10x_dac.c

   * Component: Keil::Device:StdPeriph Drivers:Framework:3.5.1
      Source file:   Device\StdPeriph_Driver\templates\stm32f10x_it.c
      Source file:   Device\StdPeriph_Driver\templates\stm32f10x_conf.h
      Source file:   Device\StdPeriph_Driver\src\misc.c
      Include file:  Device\StdPeriph_Driver\templates\stm32f10x_it.h
      Include file:  Device\StdPeriph_Driver\inc\misc.h

   * Component: Keil::Device:StdPeriph Drivers:GPIO:3.5.0
      Include file:  Device\StdPeriph_Driver\inc\stm32f10x_gpio.h
      Source file:   Device\StdPeriph_Driver\src\stm32f10x_gpio.c

   * Component: Keil::Device:StdPeriph Drivers:RCC:3.5.0
      Include file:  Device\StdPeriph_Driver\inc\stm32f10x_rcc.h
      Source file:   Device\StdPeriph_Driver\src\stm32f10x_rcc.c

   * Component: Keil::Device:StdPeriph Drivers:TIM:3.5.0
      Source file:   Device\StdPeriph_Driver\src\stm32f10x_tim.c
      Include file:  Device\StdPeriph_Driver\inc\stm32f10x_tim.h

   * Component: Keil::Device:StdPeriph Drivers:USART:3.5.0
      Include file:  Device\StdPeriph_Driver\inc\stm32f10x_usart.h
      Source file:   Device\StdPeriph_Driver\src\stm32f10x_usart.c
Build Time Elapsed:  00:00:02
</pre>
</body>
</html>
